
undefined
5/2/2025, 10:46:35 PM : cust_id not found in /summary querystring.
5/2/2025, 10:47:52 PM : ReferenceError: is_numeric is not defined
undefined
5/2/2025, 10:48:38 PM : is_numeric is not defined
undefined
5/2/2025, 10:49:26 PM : cust_id is not a number.  Please provide a numeric cust_id.
undefined
undefined
5/2/2025, 10:49:49 PM : cust_id is not a number.  Please provide a numeric cust_id.
5/2/2025, 10:49:57 PM : cust_id is not a number.  Please provide a numeric cust_id.
undefined
5/2/2025, 10:50:22 PM : cInt is not defined
undefined
5/2/2025, 11:10:04 PM : Cannot access 'uuid' before initialization
undefined
5/2/2025, 11:35:31 PM : Invalid sort. Valid values are asc or desc.  Leave blank for asc.
undefined
undefined
5/2/2025, 11:36:13 PM : Invalid sort. Valid values are asc or desc.  Leave blank for asc.